
> learnhub-frontend@1.0.0 build
> react-scripts build

(node:16572) [DEP0176] DeprecationWarning: fs.F_OK is deprecated, use fs.constants.F_OK instead
(Use `node --trace-deprecation ...` to show where the warning was created)
Creating an optimized production build...
Failed to compile.

Module not found: Error: Can't resolve '/hero-bg.jpg' in 'C:\Users\shyam\OneDrive\Desktop\Ashish project\src\pages\Home'


